12:00:37 **** Incremental Build of configuration Debug for project GPIO - Driver ****
make -j8 all 
arm-none-eabi-gcc "../Src/main.c" -mcpu=cortex-m3 -std=gnu11 -g3 -DDEBUG -DSTM32 -DSTM32F1 -DSTM32F103C8Tx -c -I../Inc -I"E:/Embedded Systems Diploma/Automotive Embedded/Week 5 - ARM Interfacing/GPIO - Driver/RCC/inc" -I"E:/Embedded Systems Diploma/Automotive Embedded/Week 5 - ARM Interfacing/GPIO - Driver/GPIO/inc" -O0 -ffunction-sections -fdata-sections -Wall -fstack-usage -fcyclomatic-complexity -MMD -MP -MF"Src/main.d" -MT"Src/main.o" --specs=nano.specs -mfloat-abi=soft -mthumb -o "Src/main.o"
arm-none-eabi-gcc -o "GPIO - Driver.elf" @"objects.list"   -mcpu=cortex-m3 -T"E:\Embedded Systems Diploma\Automotive Embedded\Week 5 - ARM Interfacing\GPIO - Driver\STM32F103C8TX_FLASH.ld" --specs=nosys.specs -Wl,-Map="GPIO - Driver.map" -Wl,--gc-sections -static --specs=nano.specs -mfloat-abi=soft -mthumb -Wl,--start-group -lc -lm -Wl,--end-group
Finished building target: GPIO - Driver.elf
 
arm-none-eabi-size   GPIO\ -\ Driver.elf 
arm-none-eabi-objdump -h -S  GPIO\ -\ Driver.elf  > "GPIO - Driver.list"
arm-none-eabi-objcopy  -O ihex  GPIO\ -\ Driver.elf  "GPIO - Driver.hex"
   text	   data	    bss	    dec	    hex	filename
   1472	      8	   1568	   3048	    be8	GPIO - Driver.elf
Finished building: default.size.stdout
 
Finished building: GPIO - Driver.hex
Finished building: GPIO - Driver.list
 
 

12:00:38 Build Finished. 0 errors, 0 warnings. (took 455ms)

